Copyright 1986-2022 Xilinx, Inc. All Rights Reserved.
------------------------------------------------------------------------------------------------------------------------------
| Tool Version : Vivado v.2022.2 (win64) Build 3671981 Fri Oct 14 05:00:03 MDT 2022
| Date         : Fri Oct  9 16:31:55 2026
| Host         : Karthik running 64-bit major release  (build 9200)
| Command      : report_utilization -hierarchical -file C:/KarDRIVE/Projects/ProjectFlash/docs/V1_impl_util_v1_2_hp64_led.rpt
| Design       : flash_bd_wrapper
| Device       : xc7z020clg400-1
| Speed File   : -1
| Design State : Routed
------------------------------------------------------------------------------------------------------------------------------

Utilization Design Information

Table of Contents
-----------------
1. Utilization by Hierarchy

1. Utilization by Hierarchy
---------------------------

+-----------------------------------------------------------------------------------+-----------------------------------------------------------------------------------+------------+------------+---------+------+------+--------+--------+------------+
|                                      Instance                                     |                                       Module                                      | Total LUTs | Logic LUTs | LUTRAMs | SRLs |  FFs | RAMB36 | RAMB18 | DSP Blocks |
+-----------------------------------------------------------------------------------+-----------------------------------------------------------------------------------+------------+------------+---------+------+------+--------+--------+------------+
| flash_bd_wrapper                                                                  |                                                                             (top) |       3947 |       3827 |       2 |  118 | 4899 |     81 |      2 |         14 |
|   (flash_bd_wrapper)                                                              |                                                                             (top) |          0 |          0 |       0 |    0 |    0 |      0 |      0 |          0 |
|   flash_bd_i                                                                      |                                                                          flash_bd |       3947 |       3827 |       2 |  118 | 4899 |     81 |      2 |         14 |
|     (flash_bd_i)                                                                  |                                                                          flash_bd |          0 |          0 |       0 |    0 |    0 |      0 |      0 |          0 |
|     axi_dma_0                                                                     |                                                              flash_bd_axi_dma_0_0 |        528 |        494 |       0 |   34 |  764 |      1 |      1 |          0 |
|       (axi_dma_0)                                                                 |                                                              flash_bd_axi_dma_0_0 |          0 |          0 |       0 |    0 |    0 |      0 |      0 |          0 |
|       U0                                                                          |                                                      flash_bd_axi_dma_0_0_axi_dma |        528 |        494 |       0 |   34 |  764 |      1 |      1 |          0 |
|         INCLUDE_MM2S_SOF_EOF_GENERATOR.I_MM2S_DMA_MNGR                            |                                            flash_bd_axi_dma_0_0_axi_dma_mm2s_mngr |         17 |         17 |       0 |    0 |   76 |      0 |      0 |          0 |
|           (INCLUDE_MM2S_SOF_EOF_GENERATOR.I_MM2S_DMA_MNGR)                        |                                            flash_bd_axi_dma_0_0_axi_dma_mm2s_mngr |          0 |          0 |       0 |    0 |    1 |      0 |      0 |          0 |
|           GEN_MM2S_DMA_CONTROL.GEN_SIMPLE_DMA_MODE.I_MM2S_SMPL_SM                 |                                             flash_bd_axi_dma_0_0_axi_dma_smple_sm |         11 |         11 |       0 |    0 |   65 |      0 |      0 |          0 |
|           GEN_MM2S_DMA_CONTROL.I_MM2S_CMDSTS                                      |                                       flash_bd_axi_dma_0_0_axi_dma_mm2s_cmdsts_if |          4 |          4 |       0 |    0 |    7 |      0 |      0 |          0 |
|           GEN_MM2S_DMA_CONTROL.I_MM2S_STS_MNGR                                    |                                        flash_bd_axi_dma_0_0_axi_dma_mm2s_sts_mngr |          2 |          2 |       0 |    0 |    3 |      0 |      0 |          0 |
|         I_AXI_DMA_REG_MODULE                                                      |                                           flash_bd_axi_dma_0_0_axi_dma_reg_module |         90 |         90 |       0 |    0 |  172 |      0 |      0 |          0 |
|           GEN_AXI_LITE_IF.AXI_LITE_IF_I                                           |                                              flash_bd_axi_dma_0_0_axi_dma_lite_if |         73 |         73 |       0 |    0 |   81 |      0 |      0 |          0 |
|           GEN_MM2S_REGISTERS.I_MM2S_DMA_REGISTER                                  |                                             flash_bd_axi_dma_0_0_axi_dma_register |         17 |         17 |       0 |    0 |   91 |      0 |      0 |          0 |
|         I_PRMRY_DATAMOVER                                                         |                                                flash_bd_axi_dma_0_0_axi_datamover |        415 |        381 |       0 |   34 |  492 |      1 |      1 |          0 |
|           GEN_MM2S_FULL.I_MM2S_FULL_WRAPPER                                       |                                 flash_bd_axi_dma_0_0_axi_datamover_mm2s_full_wrap |        415 |        381 |       0 |   34 |  492 |      1 |      1 |          0 |
|             ENABLE_AXIS_SKID.I_MM2S_SKID_BUF                                      |                                       flash_bd_axi_dma_0_0_axi_datamover_skid_buf |          5 |          5 |       0 |    0 |   72 |      0 |      0 |          0 |
|             GEN_INCLUDE_MM2S_SF.I_RD_SF                                           |                                          flash_bd_axi_dma_0_0_axi_datamover_rd_sf |        116 |        115 |       0 |    1 |   62 |      1 |      1 |          0 |
|               (GEN_INCLUDE_MM2S_SF.I_RD_SF)                                       |                                          flash_bd_axi_dma_0_0_axi_datamover_rd_sf |          7 |          7 |       0 |    0 |    8 |      0 |      0 |          0 |
|               I_DATA_FIFO                                                         |                                   flash_bd_axi_dma_0_0_axi_datamover_sfifo_autord |        101 |        101 |       0 |    0 |   48 |      1 |      1 |          0 |
|                 BLK_MEM.I_SYNC_FIFOGEN_FIFO                                       |                                                 flash_bd_axi_dma_0_0_sync_fifo_fg |        101 |        101 |       0 |    0 |   48 |      1 |      1 |          0 |
|                   (BLK_MEM.I_SYNC_FIFOGEN_FIFO)                                   |                                                 flash_bd_axi_dma_0_0_sync_fifo_fg |         45 |         45 |       0 |    0 |    0 |      0 |      0 |          0 |
|                   xpm_fifo_instance.xpm_fifo_sync_inst                            |                                                flash_bd_axi_dma_0_0_xpm_fifo_sync |         56 |         56 |       0 |    0 |   48 |      1 |      1 |          0 |
|                     xpm_fifo_base_inst                                            |                                                flash_bd_axi_dma_0_0_xpm_fifo_base |         56 |         56 |       0 |    0 |   48 |      1 |      1 |          0 |
|                       (xpm_fifo_base_inst)                                        |                                                flash_bd_axi_dma_0_0_xpm_fifo_base |          3 |          3 |       0 |    0 |   10 |      0 |      0 |          0 |
|                       gen_fwft.rdpp1_inst                                         |                             flash_bd_axi_dma_0_0_xpm_counter_updn__parameterized1 |          5 |          5 |       0 |    0 |    2 |      0 |      0 |          0 |
|                       gen_sdpram.xpm_memory_base_inst                             |                                              flash_bd_axi_dma_0_0_xpm_memory_base |          0 |          0 |       0 |    0 |    0 |      1 |      1 |          0 |
|                       rdp_inst                                                    |                             flash_bd_axi_dma_0_0_xpm_counter_updn__parameterized2 |         22 |         22 |       0 |    0 |    8 |      0 |      0 |          0 |
|                       rdpp1_inst                                                  |                             flash_bd_axi_dma_0_0_xpm_counter_updn__parameterized3 |          7 |          7 |       0 |    0 |    7 |      0 |      0 |          0 |
|                       rst_d1_inst                                                 |                                             flash_bd_axi_dma_0_0_xpm_fifo_reg_bit |          1 |          1 |       0 |    0 |    1 |      0 |      0 |          0 |
|                       wrp_inst                                                    |                           flash_bd_axi_dma_0_0_xpm_counter_updn__parameterized2_3 |         17 |         17 |       0 |    0 |    8 |      0 |      0 |          0 |
|                       wrpp1_inst                                                  |                           flash_bd_axi_dma_0_0_xpm_counter_updn__parameterized3_4 |          6 |          6 |       0 |    0 |    7 |      0 |      0 |          0 |
|                       xpm_fifo_rst_inst                                           |                                                 flash_bd_axi_dma_0_0_xpm_fifo_rst |          2 |          2 |       0 |    0 |    5 |      0 |      0 |          0 |
|               OMIT_DRE_CNTL.I_DRE_CNTL_FIFO                                       |                           flash_bd_axi_dma_0_0_axi_datamover_fifo__parameterized3 |          8 |          7 |       0 |    1 |    6 |      0 |      0 |          0 |
|                 (OMIT_DRE_CNTL.I_DRE_CNTL_FIFO)                                   |                           flash_bd_axi_dma_0_0_axi_datamover_fifo__parameterized3 |          1 |          1 |       0 |    0 |    2 |      0 |      0 |          0 |
|                 USE_SRL_FIFO.I_SYNC_FIFO                                          |                                   flash_bd_axi_dma_0_0_srl_fifo_f__parameterized1 |          7 |          6 |       0 |    1 |    4 |      0 |      0 |          0 |
|                   I_SRL_FIFO_RBU_F                                                |                               flash_bd_axi_dma_0_0_srl_fifo_rbu_f__parameterized1 |          7 |          6 |       0 |    1 |    4 |      0 |      0 |          0 |
|                     (I_SRL_FIFO_RBU_F)                                            |                               flash_bd_axi_dma_0_0_srl_fifo_rbu_f__parameterized1 |          1 |          1 |       0 |    0 |    1 |      0 |      0 |          0 |
|                     CNTR_INCR_DECR_ADDN_F_I                                       |                                      flash_bd_axi_dma_0_0_cntr_incr_decr_addn_f_2 |          5 |          5 |       0 |    0 |    3 |      0 |      0 |          0 |
|                     DYNSHREG_F_I                                                  |                                   flash_bd_axi_dma_0_0_dynshreg_f__parameterized1 |          1 |          0 |       0 |    1 |    0 |      0 |      0 |          0 |
|             I_ADDR_CNTL                                                           |                                      flash_bd_axi_dma_0_0_axi_datamover_addr_cntl |         28 |          8 |       0 |   20 |   50 |      0 |      0 |          0 |
|               (I_ADDR_CNTL)                                                       |                                      flash_bd_axi_dma_0_0_axi_datamover_addr_cntl |          1 |          1 |       0 |    0 |   44 |      0 |      0 |          0 |
|               GEN_ADDR_FIFO.I_ADDR_QUAL_FIFO                                      |                           flash_bd_axi_dma_0_0_axi_datamover_fifo__parameterized1 |         27 |          7 |       0 |   20 |    6 |      0 |      0 |          0 |
|                 (GEN_ADDR_FIFO.I_ADDR_QUAL_FIFO)                                  |                           flash_bd_axi_dma_0_0_axi_datamover_fifo__parameterized1 |          1 |          1 |       0 |    0 |    2 |      0 |      0 |          0 |
|                 USE_SRL_FIFO.I_SYNC_FIFO                                          |                                                   flash_bd_axi_dma_0_0_srl_fifo_f |         26 |          6 |       0 |   20 |    4 |      0 |      0 |          0 |
|                   I_SRL_FIFO_RBU_F                                                |                                               flash_bd_axi_dma_0_0_srl_fifo_rbu_f |         26 |          6 |       0 |   20 |    4 |      0 |      0 |          0 |
|                     (I_SRL_FIFO_RBU_F)                                            |                                               flash_bd_axi_dma_0_0_srl_fifo_rbu_f |          0 |          0 |       0 |    0 |    1 |      0 |      0 |          0 |
|                     CNTR_INCR_DECR_ADDN_F_I                                       |                                      flash_bd_axi_dma_0_0_cntr_incr_decr_addn_f_1 |          4 |          4 |       0 |    0 |    3 |      0 |      0 |          0 |
|                     DYNSHREG_F_I                                                  |                                                   flash_bd_axi_dma_0_0_dynshreg_f |         22 |          2 |       0 |   20 |    0 |      0 |      0 |          0 |
|             I_CMD_STATUS                                                          |                                     flash_bd_axi_dma_0_0_axi_datamover_cmd_status |         11 |         11 |       0 |    0 |   71 |      0 |      0 |          0 |
|               GEN_INCLUDE_STATUS_FIFO.I_STS_FIFO                                  |                           flash_bd_axi_dma_0_0_axi_datamover_fifo__parameterized0 |          7 |          7 |       0 |    0 |    6 |      0 |      0 |          0 |
|               I_CMD_FIFO                                                          |                                           flash_bd_axi_dma_0_0_axi_datamover_fifo |          4 |          4 |       0 |    0 |   65 |      0 |      0 |          0 |
|             I_MSTR_PCC                                                            |                                            flash_bd_axi_dma_0_0_axi_datamover_pcc |        188 |        188 |       0 |    0 |  178 |      0 |      0 |          0 |
|             I_RD_DATA_CNTL                                                        |                                    flash_bd_axi_dma_0_0_axi_datamover_rddata_cntl |         64 |         51 |       0 |   13 |   51 |      0 |      0 |          0 |
|               (I_RD_DATA_CNTL)                                                    |                                    flash_bd_axi_dma_0_0_axi_datamover_rddata_cntl |         31 |         31 |       0 |    0 |   45 |      0 |      0 |          0 |
|               GEN_DATA_CNTL_FIFO.I_DATA_CNTL_FIFO                                 |                           flash_bd_axi_dma_0_0_axi_datamover_fifo__parameterized2 |         34 |         21 |       0 |   13 |    6 |      0 |      0 |          0 |
|                 (GEN_DATA_CNTL_FIFO.I_DATA_CNTL_FIFO)                             |                           flash_bd_axi_dma_0_0_axi_datamover_fifo__parameterized2 |          1 |          1 |       0 |    0 |    2 |      0 |      0 |          0 |
|                 USE_SRL_FIFO.I_SYNC_FIFO                                          |                                   flash_bd_axi_dma_0_0_srl_fifo_f__parameterized0 |         33 |         20 |       0 |   13 |    4 |      0 |      0 |          0 |
|                   I_SRL_FIFO_RBU_F                                                |                               flash_bd_axi_dma_0_0_srl_fifo_rbu_f__parameterized0 |         33 |         20 |       0 |   13 |    4 |      0 |      0 |          0 |
|                     (I_SRL_FIFO_RBU_F)                                            |                               flash_bd_axi_dma_0_0_srl_fifo_rbu_f__parameterized0 |          1 |          1 |       0 |    0 |    1 |      0 |      0 |          0 |
|                     CNTR_INCR_DECR_ADDN_F_I                                       |                                        flash_bd_axi_dma_0_0_cntr_incr_decr_addn_f |         16 |         16 |       0 |    0 |    3 |      0 |      0 |          0 |
|                     DYNSHREG_F_I                                                  |                                   flash_bd_axi_dma_0_0_dynshreg_f__parameterized0 |         17 |          4 |       0 |   13 |    0 |      0 |      0 |          0 |
|             I_RD_STATUS_CNTLR                                                     |                                 flash_bd_axi_dma_0_0_axi_datamover_rd_status_cntl |          1 |          1 |       0 |    0 |    5 |      0 |      0 |          0 |
|             I_RESET                                                               |                                          flash_bd_axi_dma_0_0_axi_datamover_reset |          3 |          3 |       0 |    0 |    3 |      0 |      0 |          0 |
|         I_RST_MODULE                                                              |                                           flash_bd_axi_dma_0_0_axi_dma_rst_module |          7 |          7 |       0 |    0 |   24 |      0 |      0 |          0 |
|           (I_RST_MODULE)                                                          |                                           flash_bd_axi_dma_0_0_axi_dma_rst_module |          1 |          1 |       0 |    0 |    1 |      0 |      0 |          0 |
|           GEN_RESET_FOR_MM2S.RESET_I                                              |                                                flash_bd_axi_dma_0_0_axi_dma_reset |          6 |          6 |       0 |    0 |   15 |      0 |      0 |          0 |
|           REG_HRD_RST                                                             |                                                     flash_bd_axi_dma_0_0_cdc_sync |          0 |          0 |       0 |    0 |    4 |      0 |      0 |          0 |
|           REG_HRD_RST_OUT                                                         |                                                   flash_bd_axi_dma_0_0_cdc_sync_0 |          0 |          0 |       0 |    0 |    4 |      0 |      0 |          0 |
|     axi_gpio_led                                                                  |                                                           flash_bd_axi_gpio_led_0 |         64 |         64 |       0 |    0 |  132 |      0 |      0 |          0 |
|       U0                                                                          |                                                  flash_bd_axi_gpio_led_0_axi_gpio |         64 |         64 |       0 |    0 |  132 |      0 |      0 |          0 |
|         (U0)                                                                      |                                                  flash_bd_axi_gpio_led_0_axi_gpio |          0 |          0 |       0 |    0 |    8 |      0 |      0 |          0 |
|         AXI_LITE_IPIF_I                                                           |                                             flash_bd_axi_gpio_led_0_axi_lite_ipif |         40 |         40 |       0 |    0 |   32 |      0 |      0 |          0 |
|           I_SLAVE_ATTACHMENT                                                      |                                          flash_bd_axi_gpio_led_0_slave_attachment |         40 |         40 |       0 |    0 |   32 |      0 |      0 |          0 |
|             (I_SLAVE_ATTACHMENT)                                                  |                                          flash_bd_axi_gpio_led_0_slave_attachment |         17 |         17 |       0 |    0 |   26 |      0 |      0 |          0 |
|             I_DECODER                                                             |                                           flash_bd_axi_gpio_led_0_address_decoder |         23 |         23 |       0 |    0 |    6 |      0 |      0 |          0 |
|         gpio_core_1                                                               |                                                 flash_bd_axi_gpio_led_0_GPIO_Core |         24 |         24 |       0 |    0 |   92 |      0 |      0 |          0 |
|           (gpio_core_1)                                                           |                                                 flash_bd_axi_gpio_led_0_GPIO_Core |         24 |         24 |       0 |    0 |   52 |      0 |      0 |          0 |
|           Dual.INPUT_DOUBLE_REGS4                                                 |                                                  flash_bd_axi_gpio_led_0_cdc_sync |          0 |          0 |       0 |    0 |   16 |      0 |      0 |          0 |
|           Dual.INPUT_DOUBLE_REGS5                                                 |                                  flash_bd_axi_gpio_led_0_cdc_sync__parameterized0 |          0 |          0 |       0 |    0 |   24 |      0 |      0 |          0 |
|     axi_mem_intercon                                                              |                                                       flash_bd_axi_mem_intercon_0 |         43 |         41 |       2 |    0 |   88 |      0 |      0 |          0 |
|       s00_couplers                                                                |                                                          s00_couplers_imp_19TZ61K |         43 |         41 |       2 |    0 |   88 |      0 |      0 |          0 |
|         auto_pc                                                                   |                                                                flash_bd_auto_pc_1 |         43 |         41 |       2 |    0 |   88 |      0 |      0 |          0 |
|           (auto_pc)                                                               |                                                                flash_bd_auto_pc_1 |          0 |          0 |       0 |    0 |    0 |      0 |      0 |          0 |
|           inst                                                                    |          flash_bd_auto_pc_1_axi_protocol_converter_v2_1_27_axi_protocol_converter |         43 |         41 |       2 |    0 |   88 |      0 |      0 |          0 |
|             gen_axi4_axi3.axi3_conv_inst                                          |                       flash_bd_auto_pc_1_axi_protocol_converter_v2_1_27_axi3_conv |         43 |         41 |       2 |    0 |   88 |      0 |      0 |          0 |
|               USE_READ.USE_SPLIT_R.read_addr_inst                                 |                     flash_bd_auto_pc_1_axi_protocol_converter_v2_1_27_a_axi3_conv |         43 |         41 |       2 |    0 |   88 |      0 |      0 |          0 |
|                 (USE_READ.USE_SPLIT_R.read_addr_inst)                             |                     flash_bd_auto_pc_1_axi_protocol_converter_v2_1_27_a_axi3_conv |          6 |          6 |       0 |    0 |   50 |      0 |      0 |          0 |
|                 USE_R_CHANNEL.cmd_queue                                           |                                flash_bd_auto_pc_1_axi_data_fifo_v2_1_26_axic_fifo |         38 |         36 |       2 |    0 |   38 |      0 |      0 |          0 |
|                   inst                                                            |                                 flash_bd_auto_pc_1_axi_data_fifo_v2_1_26_fifo_gen |         38 |         36 |       2 |    0 |   38 |      0 |      0 |          0 |
|                     (inst)                                                        |                                 flash_bd_auto_pc_1_axi_data_fifo_v2_1_26_fifo_gen |         10 |         10 |       0 |    0 |    0 |      0 |      0 |          0 |
|                     fifo_gen_inst                                                 |                                         flash_bd_auto_pc_1_fifo_generator_v13_2_7 |         28 |         26 |       2 |    0 |   38 |      0 |      0 |          0 |
|                       inst_fifo_gen                                               |                                   flash_bd_auto_pc_1_fifo_generator_v13_2_7_synth |         28 |         26 |       2 |    0 |   38 |      0 |      0 |          0 |
|                         gconvfifo.rf                                              |                                             flash_bd_auto_pc_1_fifo_generator_top |         28 |         26 |       2 |    0 |   38 |      0 |      0 |          0 |
|                           grf.rf                                                  |                                         flash_bd_auto_pc_1_fifo_generator_ramfifo |         28 |         26 |       2 |    0 |   38 |      0 |      0 |          0 |
|                             gntv_or_sync_fifo.gl0.rd                              |                                                       flash_bd_auto_pc_1_rd_logic |          9 |          9 |       0 |    0 |   20 |      0 |      0 |          0 |
|                               gr1.gr1_int.rfwft                                   |                                                        flash_bd_auto_pc_1_rd_fwft |          6 |          6 |       0 |    0 |    8 |      0 |      0 |          0 |
|                               grss.rsts                                           |                                             flash_bd_auto_pc_1_rd_status_flags_ss |          0 |          0 |       0 |    0 |    2 |      0 |      0 |          0 |
|                               rpntr                                               |                                                    flash_bd_auto_pc_1_rd_bin_cntr |          3 |          3 |       0 |    0 |   10 |      0 |      0 |          0 |
|                             gntv_or_sync_fifo.gl0.wr                              |                                                       flash_bd_auto_pc_1_wr_logic |         12 |         12 |       0 |    0 |   12 |      0 |      0 |          0 |
|                               gwss.wsts                                           |                                             flash_bd_auto_pc_1_wr_status_flags_ss |          2 |          2 |       0 |    0 |    2 |      0 |      0 |          0 |
|                               wpntr                                               |                                                    flash_bd_auto_pc_1_wr_bin_cntr |         11 |         11 |       0 |    0 |   10 |      0 |      0 |          0 |
|                             gntv_or_sync_fifo.mem                                 |                                                         flash_bd_auto_pc_1_memory |          3 |          1 |       2 |    0 |    2 |      0 |      0 |          0 |
|                               (gntv_or_sync_fifo.mem)                             |                                                         flash_bd_auto_pc_1_memory |          0 |          0 |       0 |    0 |    1 |      0 |      0 |          0 |
|                               gdm.dm_gen.dm                                       |                                                           flash_bd_auto_pc_1_dmem |          3 |          1 |       2 |    0 |    1 |      0 |      0 |          0 |
|                             rstblk                                                |                                              flash_bd_auto_pc_1_reset_blk_ramfifo |          4 |          4 |       0 |    0 |    4 |      0 |      0 |          0 |
|                               (rstblk)                                            |                                              flash_bd_auto_pc_1_reset_blk_ramfifo |          4 |          4 |       0 |    0 |    2 |      0 |      0 |          0 |
|                               ngwrdrst.grst.g7serrst.gnsckt_wrst.rst_wr_reg2_inst |                                              flash_bd_auto_pc_1_xpm_cdc_async_rst |          0 |          0 |       0 |    0 |    2 |      0 |      0 |          0 |
|               USE_READ.USE_SPLIT_R.read_data_inst                                 |                     flash_bd_auto_pc_1_axi_protocol_converter_v2_1_27_r_axi3_conv |          1 |          1 |       0 |    0 |    0 |      0 |      0 |          0 |
|     processing_system7_0                                                          |                                                   flash_bd_processing_system7_0_0 |          0 |          0 |       0 |    0 |    0 |      0 |      0 |          0 |
|       inst                                                                        |        flash_bd_processing_system7_0_0_processing_system7_v5_5_processing_system7 |          0 |          0 |       0 |    0 |    0 |      0 |      0 |          0 |
|     ps7_0_axi_periph                                                              |                                                       flash_bd_ps7_0_axi_periph_0 |        539 |        478 |       0 |   61 |  676 |      0 |      0 |          0 |
|       s00_couplers                                                                |                                                          s00_couplers_imp_1LSKSHF |        405 |        344 |       0 |   61 |  550 |      0 |      0 |          0 |
|         auto_pc                                                                   |                                                                flash_bd_auto_pc_0 |        405 |        344 |       0 |   61 |  550 |      0 |      0 |          0 |
|           inst                                                                    |          flash_bd_auto_pc_0_axi_protocol_converter_v2_1_27_axi_protocol_converter |        405 |        344 |       0 |   61 |  550 |      0 |      0 |          0 |
|             gen_axilite.gen_b2s_conv.axilite_b2s                                  |                             flash_bd_auto_pc_0_axi_protocol_converter_v2_1_27_b2s |        405 |        344 |       0 |   61 |  550 |      0 |      0 |          0 |
|               (gen_axilite.gen_b2s_conv.axilite_b2s)                              |                             flash_bd_auto_pc_0_axi_protocol_converter_v2_1_27_b2s |          1 |          1 |       0 |    0 |    1 |      0 |      0 |          0 |
|               RD.ar_channel_0                                                     |                  flash_bd_auto_pc_0_axi_protocol_converter_v2_1_27_b2s_ar_channel |         68 |         68 |       0 |    0 |   82 |      0 |      0 |          0 |
|                 (RD.ar_channel_0)                                                 |                  flash_bd_auto_pc_0_axi_protocol_converter_v2_1_27_b2s_ar_channel |          0 |          0 |       0 |    0 |   12 |      0 |      0 |          0 |
|                 ar_cmd_fsm_0                                                      |                  flash_bd_auto_pc_0_axi_protocol_converter_v2_1_27_b2s_rd_cmd_fsm |         36 |         36 |       0 |    0 |    2 |      0 |      0 |          0 |
|                 cmd_translator_0                                                  |            flash_bd_auto_pc_0_axi_protocol_converter_v2_1_27_b2s_cmd_translator_1 |         32 |         32 |       0 |    0 |   68 |      0 |      0 |          0 |
|                   (cmd_translator_0)                                              |            flash_bd_auto_pc_0_axi_protocol_converter_v2_1_27_b2s_cmd_translator_1 |          1 |          1 |       0 |    0 |    3 |      0 |      0 |          0 |
|                   incr_cmd_0                                                      |                  flash_bd_auto_pc_0_axi_protocol_converter_v2_1_27_b2s_incr_cmd_2 |         21 |         21 |       0 |    0 |   22 |      0 |      0 |          0 |
|                   wrap_cmd_0                                                      |                  flash_bd_auto_pc_0_axi_protocol_converter_v2_1_27_b2s_wrap_cmd_3 |         10 |         10 |       0 |    0 |   43 |      0 |      0 |          0 |
|               RD.r_channel_0                                                      |                   flash_bd_auto_pc_0_axi_protocol_converter_v2_1_27_b2s_r_channel |         61 |         14 |       0 |   47 |   24 |      0 |      0 |          0 |
|                 (RD.r_channel_0)                                                  |                   flash_bd_auto_pc_0_axi_protocol_converter_v2_1_27_b2s_r_channel |          0 |          0 |       0 |    0 |   14 |      0 |      0 |          0 |
|                 rd_data_fifo_0                                                    | flash_bd_auto_pc_0_axi_protocol_converter_v2_1_27_b2s_simple_fifo__parameterized1 |         43 |          9 |       0 |   34 |    5 |      0 |      0 |          0 |
|                 transaction_fifo_0                                                | flash_bd_auto_pc_0_axi_protocol_converter_v2_1_27_b2s_simple_fifo__parameterized2 |         19 |          6 |       0 |   13 |    5 |      0 |      0 |          0 |
|               SI_REG                                                              |                  flash_bd_auto_pc_0_axi_register_slice_v2_1_27_axi_register_slice |        169 |        169 |       0 |    0 |  340 |      0 |      0 |          0 |
|                 ar.ar_pipe                                                        |                 flash_bd_auto_pc_0_axi_register_slice_v2_1_27_axic_register_slice |         63 |         63 |       0 |    0 |  107 |      0 |      0 |          0 |
|                 aw.aw_pipe                                                        |               flash_bd_auto_pc_0_axi_register_slice_v2_1_27_axic_register_slice_0 |         69 |         69 |       0 |    0 |  107 |      0 |      0 |          0 |
|                 b.b_pipe                                                          | flash_bd_auto_pc_0_axi_register_slice_v2_1_27_axic_register_slice__parameterized1 |         10 |         10 |       0 |    0 |   30 |      0 |      0 |          0 |
|                 r.r_pipe                                                          | flash_bd_auto_pc_0_axi_register_slice_v2_1_27_axic_register_slice__parameterized2 |         27 |         27 |       0 |    0 |   96 |      0 |      0 |          0 |
|               WR.aw_channel_0                                                     |                  flash_bd_auto_pc_0_axi_protocol_converter_v2_1_27_b2s_aw_channel |         77 |         77 |       0 |    0 |   86 |      0 |      0 |          0 |
|                 (WR.aw_channel_0)                                                 |                  flash_bd_auto_pc_0_axi_protocol_converter_v2_1_27_b2s_aw_channel |          0 |          0 |       0 |    0 |   16 |      0 |      0 |          0 |
|                 aw_cmd_fsm_0                                                      |                  flash_bd_auto_pc_0_axi_protocol_converter_v2_1_27_b2s_wr_cmd_fsm |         44 |         44 |       0 |    0 |    2 |      0 |      0 |          0 |
|                 cmd_translator_0                                                  |              flash_bd_auto_pc_0_axi_protocol_converter_v2_1_27_b2s_cmd_translator |         33 |         33 |       0 |    0 |   68 |      0 |      0 |          0 |
|                   (cmd_translator_0)                                              |              flash_bd_auto_pc_0_axi_protocol_converter_v2_1_27_b2s_cmd_translator |          1 |          1 |       0 |    0 |    3 |      0 |      0 |          0 |
|                   incr_cmd_0                                                      |                    flash_bd_auto_pc_0_axi_protocol_converter_v2_1_27_b2s_incr_cmd |         22 |         22 |       0 |    0 |   22 |      0 |      0 |          0 |
|                   wrap_cmd_0                                                      |                    flash_bd_auto_pc_0_axi_protocol_converter_v2_1_27_b2s_wrap_cmd |         10 |         10 |       0 |    0 |   43 |      0 |      0 |          0 |
|               WR.b_channel_0                                                      |                   flash_bd_auto_pc_0_axi_protocol_converter_v2_1_27_b2s_b_channel |         35 |         21 |       0 |   14 |   17 |      0 |      0 |          0 |
|                 (WR.b_channel_0)                                                  |                   flash_bd_auto_pc_0_axi_protocol_converter_v2_1_27_b2s_b_channel |          8 |          8 |       0 |    0 |   13 |      0 |      0 |          0 |
|                 bid_fifo_0                                                        |                 flash_bd_auto_pc_0_axi_protocol_converter_v2_1_27_b2s_simple_fifo |         21 |          9 |       0 |   12 |    2 |      0 |      0 |          0 |
|                 bresp_fifo_0                                                      | flash_bd_auto_pc_0_axi_protocol_converter_v2_1_27_b2s_simple_fifo__parameterized0 |          6 |          4 |       0 |    2 |    2 |      0 |      0 |          0 |
|       xbar                                                                        |                                                                   flash_bd_xbar_0 |        134 |        134 |       0 |    0 |  126 |      0 |      0 |          0 |
|         inst                                                                      |                                 flash_bd_xbar_0_axi_crossbar_v2_1_28_axi_crossbar |        134 |        134 |       0 |    0 |  126 |      0 |      0 |          0 |
|           gen_sasd.crossbar_sasd_0                                                |                                flash_bd_xbar_0_axi_crossbar_v2_1_28_crossbar_sasd |        134 |        134 |       0 |    0 |  126 |      0 |      0 |          0 |
|             (gen_sasd.crossbar_sasd_0)                                            |                                flash_bd_xbar_0_axi_crossbar_v2_1_28_crossbar_sasd |          2 |          2 |       0 |    0 |    7 |      0 |      0 |          0 |
|             addr_arbiter_inst                                                     |                            flash_bd_xbar_0_axi_crossbar_v2_1_28_addr_arbiter_sasd |         67 |         67 |       0 |    0 |   36 |      0 |      0 |          0 |
|             gen_decerr.decerr_slave_inst                                          |                                 flash_bd_xbar_0_axi_crossbar_v2_1_28_decerr_slave |          8 |          8 |       0 |    0 |    4 |      0 |      0 |          0 |
|             reg_slice_r                                                           |                    flash_bd_xbar_0_axi_register_slice_v2_1_27_axic_register_slice |         52 |         52 |       0 |    0 |   74 |      0 |      0 |          0 |
|             splitter_ar                                                           |                     flash_bd_xbar_0_axi_crossbar_v2_1_28_splitter__parameterized0 |          2 |          2 |       0 |    0 |    2 |      0 |      0 |          0 |
|             splitter_aw                                                           |                                     flash_bd_xbar_0_axi_crossbar_v2_1_28_splitter |          3 |          3 |       0 |    0 |    3 |      0 |      0 |          0 |
|     rst_ps7_0_66M                                                                 |                                                          flash_bd_rst_ps7_0_66M_0 |         17 |         16 |       0 |    1 |   33 |      0 |      0 |          0 |
|       U0                                                                          |                                           flash_bd_rst_ps7_0_66M_0_proc_sys_reset |         17 |         16 |       0 |    1 |   33 |      0 |      0 |          0 |
|         (U0)                                                                      |                                           flash_bd_rst_ps7_0_66M_0_proc_sys_reset |          0 |          0 |       0 |    0 |    1 |      0 |      0 |          0 |
|         EXT_LPF                                                                   |                                                      flash_bd_rst_ps7_0_66M_0_lpf |          5 |          4 |       0 |    1 |   17 |      0 |      0 |          0 |
|           (EXT_LPF)                                                               |                                                      flash_bd_rst_ps7_0_66M_0_lpf |          2 |          1 |       0 |    1 |    9 |      0 |      0 |          0 |
|           ACTIVE_LOW_AUX.ACT_LO_AUX                                               |                                                 flash_bd_rst_ps7_0_66M_0_cdc_sync |          1 |          1 |       0 |    0 |    4 |      0 |      0 |          0 |
|           ACTIVE_LOW_EXT.ACT_LO_EXT                                               |                                               flash_bd_rst_ps7_0_66M_0_cdc_sync_0 |          2 |          2 |       0 |    0 |    4 |      0 |      0 |          0 |
|         SEQ                                                                       |                                             flash_bd_rst_ps7_0_66M_0_sequence_psr |         12 |         12 |       0 |    0 |   15 |      0 |      0 |          0 |
|           (SEQ)                                                                   |                                             flash_bd_rst_ps7_0_66M_0_sequence_psr |          7 |          7 |       0 |    0 |    9 |      0 |      0 |          0 |
|           SEQ_COUNTER                                                             |                                                  flash_bd_rst_ps7_0_66M_0_upcnt_n |          5 |          5 |       0 |    0 |    6 |      0 |      0 |          0 |
|     top_v1_axi_0                                                                  |                                                           flash_bd_top_v1_axi_0_0 |       2757 |       2735 |       0 |   22 | 3206 |     80 |      1 |         14 |
|       inst                                                                        |                                                flash_bd_top_v1_axi_0_0_top_v1_axi |       2757 |       2735 |       0 |   22 | 3206 |     80 |      1 |         14 |
|         (inst)                                                                    |                                                flash_bd_top_v1_axi_0_0_top_v1_axi |        192 |        192 |       0 |    0 |  361 |      0 |      0 |          0 |
|         u_core                                                                    |                                                    flash_bd_top_v1_axi_0_0_top_v1 |       2566 |       2544 |       0 |   22 | 2845 |     80 |      1 |         14 |
|           (u_core)                                                                |                                                    flash_bd_top_v1_axi_0_0_top_v1 |          7 |          7 |       0 |    0 |   72 |     16 |      1 |          2 |
|           u_conv                                                                  |                                               flash_bd_top_v1_axi_0_0_conv_engine |        477 |        466 |       0 |   11 |  691 |      0 |      0 |          5 |
|           u_dec                                                                   |                                                  flash_bd_top_v1_axi_0_0_decision |         16 |         16 |       0 |    0 |    0 |      0 |      0 |          0 |
|           u_fc                                                                    |                                                   flash_bd_top_v1_axi_0_0_fc_unit |        248 |        237 |       0 |   11 |  271 |      0 |      0 |          2 |
|           u_gap                                                                   |                                                  flash_bd_top_v1_axi_0_0_gap_unit |       1614 |       1614 |       0 |    0 | 1694 |      0 |      0 |          2 |
|           u_ram_a                                                                 |                                                  flash_bd_top_v1_axi_0_0_fmap_ram |         17 |         17 |       0 |    0 |    1 |     32 |      0 |          0 |
|           u_ram_b                                                                 |                                                flash_bd_top_v1_axi_0_0_fmap_ram_0 |         23 |         23 |       0 |    0 |    0 |     32 |      0 |          0 |
|           u_seq                                                                   |                                                 flash_bd_top_v1_axi_0_0_layer_seq |        196 |        196 |       0 |    0 |  116 |      0 |      0 |          3 |
|     xlconcat_0                                                                    |                                                             flash_bd_xlconcat_0_0 |          0 |          0 |       0 |    0 |    0 |      0 |      0 |          0 |
+-----------------------------------------------------------------------------------+-----------------------------------------------------------------------------------+------------+------------+---------+------+------+--------+--------+------------+
* Note: The sum of lower-level cells may be larger than their parent cells total, due to cross-hierarchy LUT combining


